../Core/Src/main.c:419:6:SystemClock_Config	88	static,ignoring_inline_asm
../Core/Src/main.c:354:5:main	72	static,ignoring_inline_asm
../Core/Src/main.c:854:6:get_pitch	48	static
../Core/Src/main.c:911:20:getTimestamp	8	static
../Core/Src/main.c:915:8:P_D	8	static
../Core/Src/main.c:921:8:P_I	8	static
../Core/Src/main.c:927:8:D	24	static
../Core/Src/main.c:937:8:I	32	static
../Core/Src/main.c:962:8:PD	24	static
../Core/Src/main.c:966:8:PI	32	static
../Core/Src/main.c:134:6:HAL_TIM_PeriodElapsedCallback	48	static
../Core/Src/main.c:976:6:Error_Handler	0	static,ignoring_inline_asm
