../Core/Src/main.c:139:6:HAL_TIM_PeriodElapsedCallback	56	static
../Core/Src/main.c:359:5:main	8	static
../Core/Src/main.c:425:6:SystemClock_Config	88	static
../Core/Src/main.c:471:13:MX_NVIC_Init	8	static
../Core/Src/main.c:492:13:MX_TIM2_Init	56	static
../Core/Src/main.c:542:13:MX_TIM3_Init	48	static
../Core/Src/main.c:591:13:MX_TIM4_Init	48	static
../Core/Src/main.c:640:13:MX_TIM5_Init	56	static
../Core/Src/main.c:690:13:MX_TIM9_Init	24	static
../Core/Src/main.c:728:13:MX_USART1_UART_Init	8	static
../Core/Src/main.c:761:13:MX_USART2_UART_Init	8	static
../Core/Src/main.c:794:13:MX_USART6_UART_Init	8	static
../Core/Src/main.c:825:13:MX_DMA_Init	16	static
../Core/Src/main.c:859:13:MX_GPIO_Init	40	static
../Core/Src/main.c:895:6:get_pitch	32	static
../Core/Src/main.c:952:20:getTimestamp	64	static
../Core/Src/main.c:956:8:P_D	24	static
../Core/Src/main.c:962:8:P_I	32	static
../Core/Src/main.c:968:8:D	16	static
../Core/Src/main.c:978:8:I	40	static
../Core/Src/main.c:1003:8:PD	24	static
../Core/Src/main.c:1007:8:PI	32	static
../Core/Src/main.c:1017:6:Error_Handler	4	static,ignoring_inline_asm
